// Jest Snapshot v1, https://goo.gl/fbAQLP

exports[`<LabelComponent /> renders correctly 1`] = `
<span
  className="label fadeIn danger"
  style={
    Object {
      "fontSize": undefined,
      "margin": undefined,
      "maxWidth": undefined,
      "width": undefined,
    }
  }
>
  Label teste
</span>
`;
