// Jest Snapshot v1, https://goo.gl/fbAQLP

exports[`<ButtonComponent /> renders correctly 1`] = `
<button
  className="button"
  onClick={[Function]}
  style={
    Object {
      "margin": undefined,
      "width": undefined,
    }
  }
  type="Submit"
>
  <LoadingComponent
    type="spinner"
  />
</button>
`;
