// Jest Snapshot v1, https://goo.gl/fbAQLP

exports[`<MessageComponent /> renders correctly 1`] = `
<div>
  <MessageComponent
    right={true}
    text="Hey there! how are you you you you?"
    time="12:23"
  />
  <MessageSketch
    right={true}
    text="Hey there! how are you you you you?"
    time="12:23"
  />
</div>
`;
