// Jest Snapshot v1, https://goo.gl/fbAQLP

exports[`<SketchComponent /> renders correctly 1`] = `
<div
  className="sketch-wrapper"
>
  <div
    className="sketch circle"
    style={
      Object {
        "height": 40,
        "margin": undefined,
        "width": 40,
      }
    }
  />
</div>
`;
