// Jest Snapshot v1, https://goo.gl/fbAQLP

exports[`<AuthContainer /> renders correctly 1`] = `
<section
  className="auth-wrapper"
>
  <div
    className="form-container"
  >
    <h1
      className="title"
    >
      Teste title AuthContainer
    </h1>
    <div>
      <span>
        teste
      </span>
    </div>
    <div
      className="info-container"
    >
      <span>
        info footer
      </span>
      <a
        href="#teste"
      >
        footer link
      </a>
    </div>
  </div>
</section>
`;
